BL51 BANKED LINKER/LOCATER V6.22                                                        10/22/2019  14:54:25  PAGE 1


BL51 BANKED LINKER/LOCATER V6.22, INVOKED BY:
C:\KEIL_V5\C51\BIN\BL51.EXE .\Objects\1.obj TO .\Objects\1.0 PRINT (.\Listings\1.m51) RAMSIZE (256)


MEMORY MODEL: SMALL


INPUT MODULES INCLUDED:
  .\Objects\1.obj (1)
  C:\KEIL_V5\C51\LIB\C51S.LIB (?C_STARTUP)
  C:\KEIL_V5\C51\LIB\C51S.LIB (?C?UIDIV)


LINK MAP OF MODULE:  .\Objects\1.0 (1)


            TYPE    BASE      LENGTH    RELOCATION   SEGMENT NAME
            -----------------------------------------------------

            * * * * * * *   D A T A   M E M O R Y   * * * * * * *
            REG     0000H     0008H     ABSOLUTE     "REG BANK 0"
            DATA    0008H     000EH     UNIT         ?DT?1
            DATA    0016H     0001H     UNIT         _DATA_GROUP_
            IDATA   0017H     0001H     UNIT         ?STACK

            * * * * * * *   C O D E   M E M O R Y   * * * * * * *
            CODE    0000H     0003H     ABSOLUTE     
            CODE    0003H     0003H     ABSOLUTE     
            CODE    0006H     000CH     UNIT         ?C_C51STARTUP
                    0012H     0001H                  *** GAP ***
            CODE    0013H     0003H     ABSOLUTE     
            CODE    0016H     00FDH     UNIT         ?PR?MAIN?1
            CODE    0113H     0055H     UNIT         ?C?LIB_CODE
            CODE    0168H     0033H     UNIT         ?CO?1
            CODE    019BH     002AH     UNIT         ?PR?DISPLAYSCAN?1
            CODE    01C5H     0011H     UNIT         ?PR?_SEND_595?1
            CODE    01D6H     0010H     UNIT         ?PR?_DELAY_MS?1
            CODE    01E6H     0005H     UNIT         ?PR?INT0_INT?1
            CODE    01EBH     0005H     UNIT         ?PR?INT1_INT?1



OVERLAY MAP OF MODULE:   .\Objects\1.0 (1)


SEGMENT                          DATA_GROUP 
  +--> CALLED SEGMENT          START    LENGTH
----------------------------------------------
?C_C51STARTUP                  -----    -----
  +--> ?PR?MAIN?1

?PR?MAIN?1                     0016H    0001H
  +--> ?PR?_DELAY_MS?1
  +--> ?PR?DISPLAYSCAN?1

?PR?DISPLAYSCAN?1              -----    -----
  +--> ?CO?1
  +--> ?PR?_SEND_595?1
BL51 BANKED LINKER/LOCATER V6.22                                                      10/22/2019  14:54:25  PAGE 2





SYMBOL TABLE OF MODULE:  .\Objects\1.0 (1)

  VALUE           TYPE          NAME
  ----------------------------------

  -------         MODULE        1
  C:0000H         SYMBOL        _ICE_DUMMY_
  D:0093H         PUBLIC        P0M1
  D:0092H         PUBLIC        P1M0
  D:0096H         PUBLIC        P2M0
  D:0091H         PUBLIC        P1M1
  D:0080H         PUBLIC        P0
  D:00B2H         PUBLIC        P3M0
  D:0095H         PUBLIC        P2M1
  D:0090H         PUBLIC        P1
  D:00B4H         PUBLIC        P4M0
  D:00B1H         PUBLIC        P3M1
  D:00A0H         PUBLIC        P2
  D:00CAH         PUBLIC        P5M0
  D:00B3H         PUBLIC        P4M1
  D:00B0H         PUBLIC        P3
  D:00CCH         PUBLIC        P6M0
  D:00C9H         PUBLIC        P5M1
  D:00C0H         PUBLIC        P4
  D:00E2H         PUBLIC        P7M0
  D:00CBH         PUBLIC        P6M1
  D:00C8H         PUBLIC        P5
  B:00A8H.7       PUBLIC        EA
  D:00E1H         PUBLIC        P7M1
  D:0008H         PUBLIC        LED8
  D:00A8H         PUBLIC        IE
  C:01C5H         PUBLIC        _Send_595
  C:0193H         PUBLIC        T_COM
  D:00B8H         PUBLIC        IP
  B:00B0H.2       PUBLIC        INT0
  B:00D0H.7       PUBLIC        CY
  B:00B0H.3       PUBLIC        INT1
  D:00D8H         PUBLIC        CCON
  C:0016H         PUBLIC        main
  B:00C0H.0       PUBLIC        P_HC595_SER
  D:0087H         PUBLIC        PCON
  D:0098H         PUBLIC        SCON
  D:0088H         PUBLIC        TCON
  B:0088H.1       PUBLIC        IE0
  B:0088H.3       PUBLIC        IE1
  B:00C0H.3       PUBLIC        P_HC595_SRCLK
  D:00F0H         PUBLIC        B
  D:00E0H         PUBLIC        ACC
  C:01E6H         PUBLIC        INT0_int
  D:0010H         PUBLIC        Test_cnt
  C:01EBH         PUBLIC        INT1_int
  B:00A8H.0       PUBLIC        EX0
  B:0088H.0       PUBLIC        IT0
  B:00A8H.2       PUBLIC        EX1
BL51 BANKED LINKER/LOCATER V6.22                                                      10/22/2019  14:54:25  PAGE 3


  B:0088H.2       PUBLIC        IT1
  C:0168H         PUBLIC        t_display
  C:01D6H         PUBLIC        _delay_ms
  C:019BH         PUBLIC        DisplayScan
  D:0012H         PUBLIC        msecond
  B:00C8H.4       PUBLIC        P_HC595_RCLK
  D:0014H         PUBLIC        SleepDelay
  D:0015H         PUBLIC        display_index
  D:00D0H         PUBLIC        PSW
  D:0094H         PUBLIC        P0M0
  -------         PROC          MAIN
  -------         DO            
  D:0016H         SYMBOL        i
  -------         ENDDO         
  C:0016H         LINE#         31
  C:0016H         LINE#         32
  C:0016H         LINE#         35
  C:001BH         LINE#         36
  C:001FH         LINE#         37
  C:0023H         LINE#         38
  C:0027H         LINE#         39
  C:002BH         LINE#         40
  C:002FH         LINE#         41
  C:0033H         LINE#         42
  C:0037H         LINE#         44
  C:0039H         LINE#         45
  C:0049H         LINE#         47
  C:004FH         LINE#         48
  C:0052H         LINE#         49
  C:0055H         LINE#         50
  C:0057H         LINE#         51
  C:0059H         LINE#         52
  C:005BH         LINE#         54
  C:005DH         LINE#         55
  C:005DH         LINE#         56
  C:005DH         LINE#         57
  C:0062H         LINE#         58
  C:0065H         LINE#         60
  C:0076H         LINE#         61
  C:0076H         LINE#         62
  C:007BH         LINE#         63
  C:0083H         LINE#         64
  C:0090H         LINE#         65
  C:00AAH         LINE#         66
  C:00C4H         LINE#         67
  C:00D1H         LINE#         69
  C:00DAH         LINE#         70
  C:00DAH         LINE#         71
  C:00DDH         LINE#         73
  C:00E9H         LINE#         74
  C:00E9H         LINE#         75
  C:00EBH         LINE#         76
  C:00EDH         LINE#         77
  C:00EFH         LINE#         78
  C:00EFH         LINE#         79
  C:00F1H         LINE#         80
  C:00F3H         LINE#         81
BL51 BANKED LINKER/LOCATER V6.22                                                      10/22/2019  14:54:25  PAGE 4


  C:00FAH         LINE#         82
  C:00FCH         LINE#         83
  C:00FEH         LINE#         85
  C:0100H         LINE#         86
  C:0102H         LINE#         87
  C:0104H         LINE#         88
  C:0106H         LINE#         90
  C:0108H         LINE#         92
  C:010AH         LINE#         95
  C:010DH         LINE#         96
  C:010EH         LINE#         97
  C:010FH         LINE#         98
  C:0110H         LINE#         99
  C:0110H         LINE#         100
  C:0110H         LINE#         101
  C:0110H         LINE#         102
  -------         ENDPROC       MAIN
  -------         PROC          _DELAY_MS
  D:0007H         SYMBOL        ms
  -------         DO            
  D:0004H         SYMBOL        i
  -------         ENDDO         
  C:01D6H         LINE#         105
  C:01D6H         LINE#         106
  C:01D6H         LINE#         108
  C:01D6H         LINE#         109
  C:01DAH         LINE#         110
  C:01E3H         LINE#         111
  C:01E5H         LINE#         112
  -------         ENDPROC       _DELAY_MS
  -------         PROC          INT0_INT
  C:01E6H         LINE#         115
  C:01E6H         LINE#         117
  C:01E8H         LINE#         118
  C:01EAH         LINE#         119
  -------         ENDPROC       INT0_INT
  -------         PROC          INT1_INT
  C:01EBH         LINE#         121
  C:01EBH         LINE#         123
  C:01EDH         LINE#         124
  C:01EFH         LINE#         125
  -------         ENDPROC       INT1_INT
  -------         PROC          _SEND_595
  D:0007H         SYMBOL        dat
  -------         DO            
  D:0006H         SYMBOL        i
  -------         ENDDO         
  C:01C5H         LINE#         127
  C:01C5H         LINE#         128
  C:01C5H         LINE#         130
  C:01C7H         LINE#         131
  C:01C7H         LINE#         132
  C:01CBH         LINE#         133
  C:01CDH         LINE#         134
  C:01CFH         LINE#         135
  C:01D1H         LINE#         136
  C:01D5H         LINE#         137
BL51 BANKED LINKER/LOCATER V6.22                                                      10/22/2019  14:54:25  PAGE 5


  -------         ENDPROC       _SEND_595
  -------         PROC          DISPLAYSCAN
  C:019BH         LINE#         138
  C:019BH         LINE#         139
  C:019BH         LINE#         140
  C:01A6H         LINE#         141
  C:01B4H         LINE#         142
  C:01B6H         LINE#         143
  C:01B8H         LINE#         144
  C:01C4H         LINE#         145
  -------         ENDPROC       DISPLAYSCAN
  -------         ENDMOD        1

  -------         MODULE        ?C?UIDIV
  C:0113H         PUBLIC        ?C?UIDIV
  -------         ENDMOD        ?C?UIDIV

Program Size: data=24.0 xdata=0 code=495
LINK/LOCATE RUN COMPLETE.  0 WARNING(S),  0 ERROR(S)
