BL51 BANKED LINKER/LOCATER V6.22                                                        11/05/2019  18:47:39  PAGE 1


BL51 BANKED LINKER/LOCATER V6.22, INVOKED BY:
C:\KEIL_V5\C51\BIN\BL51.EXE .\Objects\STARTUP.obj, .\Objects\4.obj TO .\Objects\实验4 PRINT (.\Listings\实验4.m51) RAMSI
>> ZE (256)


MEMORY MODEL: SMALL


INPUT MODULES INCLUDED:
  .\Objects\STARTUP.obj (?C_STARTUP)
  .\Objects\4.obj (4)
  C:\KEIL_V5\C51\LIB\C51S.LIB (?C?IMUL)
  C:\KEIL_V5\C51\LIB\C51S.LIB (?C?UIDIV)
  C:\KEIL_V5\C51\LIB\C51S.LIB (?C?OFFXADD)


LINK MAP OF MODULE:  .\Objects\实验4 (?C_STARTUP)


            TYPE    BASE      LENGTH    RELOCATION   SEGMENT NAME
            -----------------------------------------------------

            * * * * * * *   D A T A   M E M O R Y   * * * * * * *
            REG     0000H     0008H     ABSOLUTE     "REG BANK 0"
            DATA    0008H     000BH     UNIT         ?DT?4
            DATA    0013H     000AH     UNIT         _DATA_GROUP_
                    001DH     0003H                  *** GAP ***
            BIT     0020H.0   0000H.1   UNIT         ?BI?4
                    0020H.1   0000H.7                *** GAP ***
            IDATA   0021H     0001H     UNIT         ?STACK

            * * * * * * *   C O D E   M E M O R Y   * * * * * * *
            CODE    0000H     0003H     ABSOLUTE     
                    0003H     0008H                  *** GAP ***
            CODE    000BH     0003H     ABSOLUTE     
            CODE    000EH     01AEH     UNIT         ?PR?MAIN?4
            CODE    01BCH     017DH     UNIT         ?PR?_GET_TEMPERATURE?4
            CODE    0339H     0175H     UNIT         ?CO?4
            CODE    04AEH     0073H     UNIT         ?C?LIB_CODE
            CODE    0521H     0039H     UNIT         ?PR?_GET_ADC10BITRESULT?4
            CODE    055AH     002AH     UNIT         ?PR?DISPLAYSCAN?4
            CODE    0584H     0025H     UNIT         ?PR?TIMER0?4
            CODE    05A9H     0011H     UNIT         ?PR?_SEND_595?4
            CODE    05BAH     000CH     UNIT         ?C_C51STARTUP



OVERLAY MAP OF MODULE:   .\Objects\实验4 (?C_STARTUP)


SEGMENT                             DATA_GROUP 
  +--> CALLED SEGMENT             START    LENGTH
-------------------------------------------------
?C_C51STARTUP                     -----    -----
  +--> ?PR?MAIN?4

?PR?MAIN?4                        0013H    0003H
  +--> ?PR?_GET_ADC10BITRESULT?4
BL51 BANKED LINKER/LOCATER V6.22                                                      11/05/2019  18:47:39  PAGE 2


  +--> ?PR?_GET_TEMPERATURE?4

?PR?_GET_TEMPERATURE?4            0016H    0007H
  +--> ?CO?4

*** NEW ROOT ***************************************************

?PR?TIMER0?4                      -----    -----
  +--> ?PR?DISPLAYSCAN?4

?PR?DISPLAYSCAN?4                 -----    -----
  +--> ?CO?4
  +--> ?PR?_SEND_595?4



SYMBOL TABLE OF MODULE:  .\Objects\实验4 (?C_STARTUP)

  VALUE           TYPE          NAME
  ----------------------------------

  -------         MODULE        ?C_STARTUP
  C:05BAH         SEGMENT       ?C_C51STARTUP
  I:0021H         SEGMENT       ?STACK
  C:0000H         PUBLIC        ?C_STARTUP
  D:00E0H         SYMBOL        ACC
  D:00F0H         SYMBOL        B
  D:0083H         SYMBOL        DPH
  D:0082H         SYMBOL        DPL
  N:0000H         SYMBOL        IBPSTACK
  N:0100H         SYMBOL        IBPSTACKTOP
  N:0080H         SYMBOL        IDATALEN
  C:05BDH         SYMBOL        IDATALOOP
  N:0000H         SYMBOL        PBPSTACK
  N:0100H         SYMBOL        PBPSTACKTOP
  N:0000H         SYMBOL        PDATALEN
  N:0000H         SYMBOL        PDATASTART
  N:0000H         SYMBOL        PPAGE
  N:0000H         SYMBOL        PPAGEENABLE
  D:00A0H         SYMBOL        PPAGE_SFR
  D:0081H         SYMBOL        SP
  C:05BAH         SYMBOL        STARTUP1
  N:0000H         SYMBOL        XBPSTACK
  N:0000H         SYMBOL        XBPSTACKTOP
  N:0000H         SYMBOL        XDATALEN
  N:0000H         SYMBOL        XDATASTART
  C:0000H         LINE#         126
  C:05BAH         LINE#         133
  C:05BCH         LINE#         134
  C:05BDH         LINE#         135
  C:05BEH         LINE#         136
  C:05C0H         LINE#         185
  C:05C3H         LINE#         196
  -------         ENDMOD        ?C_STARTUP

  -------         MODULE        4
  C:0000H         SYMBOL        _ICE_DUMMY_
BL51 BANKED LINKER/LOCATER V6.22                                                      11/05/2019  18:47:39  PAGE 3


  D:0093H         PUBLIC        P0M1
  D:0092H         PUBLIC        P1M0
  D:0096H         PUBLIC        P2M0
  D:0091H         PUBLIC        P1M1
  D:0080H         PUBLIC        P0
  D:00B2H         PUBLIC        P3M0
  D:0095H         PUBLIC        P2M1
  D:0090H         PUBLIC        P1
  D:00B4H         PUBLIC        P4M0
  D:00B1H         PUBLIC        P3M1
  D:00A0H         PUBLIC        P2
  D:00CAH         PUBLIC        P5M0
  D:00B3H         PUBLIC        P4M1
  D:00B0H         PUBLIC        P3
  D:00CCH         PUBLIC        P6M0
  D:00C9H         PUBLIC        P5M1
  D:00C0H         PUBLIC        P4
  D:00E2H         PUBLIC        P7M0
  D:00CBH         PUBLIC        P6M1
  D:00C8H         PUBLIC        P5
  B:00A8H.7       PUBLIC        EA
  D:00E1H         PUBLIC        P7M1
  D:0008H         PUBLIC        LED8
  D:00A8H         PUBLIC        IE
  C:05A9H         PUBLIC        _Send_595
  C:0364H         PUBLIC        T_COM
  D:00BDH         PUBLIC        ADC_RES
  D:00B8H         PUBLIC        IP
  B:00D0H.7       PUBLIC        CY
  C:036CH         PUBLIC        temp_table
  D:00D8H         PUBLIC        CCON
  C:000EH         PUBLIC        main
  B:00C0H.0       PUBLIC        P_HC595_SER
  D:00BCH         PUBLIC        ADC_CONTR
  B:0020H.0       PUBLIC        B_1ms
  D:0098H         PUBLIC        SCON
  D:0088H         PUBLIC        TCON
  B:00C0H.3       PUBLIC        P_HC595_SRCLK
  D:00F0H         PUBLIC        B
  D:008EH         PUBLIC        AUXR
  D:00E0H         PUBLIC        ACC
  B:00A8H.1       PUBLIC        ET0
  D:008CH         PUBLIC        TH0
  C:0339H         PUBLIC        t_display
  D:008AH         PUBLIC        TL0
  C:0584H         PUBLIC        timer0
  B:0088H.4       PUBLIC        TR0
  C:01BCH         PUBLIC        _get_temperature
  D:009DH         PUBLIC        P1ASF
  D:00BEH         PUBLIC        ADC_RESL
  C:055AH         PUBLIC        DisplayScan
  D:0010H         PUBLIC        msecond
  B:00C8H.4       PUBLIC        P_HC595_RCLK
  C:052DH         PUBLIC        _Get_ADC10bitResult
  B:00D0H.5       PUBLIC        F0
  D:0012H         PUBLIC        display_index
  D:00D0H         PUBLIC        PSW
BL51 BANKED LINKER/LOCATER V6.22                                                      11/05/2019  18:47:39  PAGE 4


  D:0094H         PUBLIC        P0M0
  -------         PROC          MAIN
  -------         DO            
  D:0013H         SYMBOL        i
  D:0014H         SYMBOL        j
  -------         ENDDO         
  C:000EH         LINE#         39
  C:000EH         LINE#         40
  C:000EH         LINE#         44
  C:0013H         LINE#         45
  C:0017H         LINE#         46
  C:001BH         LINE#         47
  C:001FH         LINE#         48
  C:0023H         LINE#         49
  C:0027H         LINE#         50
  C:002BH         LINE#         51
  C:002FH         LINE#         52
  C:0031H         LINE#         53
  C:0034H         LINE#         54
  C:0037H         LINE#         56
  C:003AH         LINE#         57
  C:003DH         LINE#         58
  C:0040H         LINE#         59
  C:0042H         LINE#         60
  C:0044H         LINE#         61
  C:0046H         LINE#         63
  C:0056H         LINE#         65
  C:0056H         LINE#         66
  C:0056H         LINE#         67
  C:0059H         LINE#         68
  C:0059H         LINE#         69
  C:005BH         LINE#         70
  C:006CH         LINE#         71
  C:006CH         LINE#         72
  C:0071H         LINE#         73
  C:007AH         LINE#         75
  C:0081H         LINE#         76
  C:0081H         LINE#         77
  C:008AH         LINE#         78
  C:00A4H         LINE#         79
  C:00BEH         LINE#         80
  C:00CBH         LINE#         81
  C:00D2H         LINE#         82
  C:00D4H         LINE#         84
  C:00D4H         LINE#         85
  C:00E5H         LINE#         86
  C:00E5H         LINE#         88
  C:00EEH         LINE#         89
  C:00F3H         LINE#         90
  C:00F6H         LINE#         91
  C:0103H         LINE#         93
  C:010BH         LINE#         94
  C:010BH         LINE#         102
  C:0116H         LINE#         104
  C:0131H         LINE#         105
  C:0140H         LINE#         106
  C:014DH         LINE#         107
BL51 BANKED LINKER/LOCATER V6.22                                                      11/05/2019  18:47:39  PAGE 5


  C:0167H         LINE#         108
  C:0184H         LINE#         109
  C:0191H         LINE#         110
  C:0198H         LINE#         111
  C:01A1H         LINE#         112
  C:01A4H         LINE#         114
  C:01A4H         LINE#         115
  -------         ENDPROC       MAIN
  -------         PROC          L?0057
  -------         ENDPROC       L?0057
  -------         PROC          _GET_ADC10BITRESULT
  D:0007H         SYMBOL        channel
  C:052DH         LINE#         130
  C:052DH         LINE#         131
  C:052DH         LINE#         132
  C:0530H         LINE#         133
  C:0532H         LINE#         135
  C:053BH         LINE#         136
  C:053FH         LINE#         138
  C:0544H         LINE#         139
  C:0547H         LINE#         140
  C:0559H         LINE#         141
  -------         ENDPROC       _GET_ADC10BITRESULT
  -------         PROC          _GET_TEMPERATURE
  D:0016H         SYMBOL        adc
  -------         DO            
  D:0018H         SYMBOL        p
  D:001AH         SYMBOL        i
  D:0003H         SYMBOL        j
  D:0006H         SYMBOL        k
  D:001CH         SYMBOL        min
  D:0007H         SYMBOL        max
  -------         ENDDO         
  C:01BCH         LINE#         313
  C:01C0H         LINE#         314
  C:01C0H         LINE#         319
  C:01CCH         LINE#         320
  C:01D2H         LINE#         321
  C:01E9H         LINE#         322
  C:0206H         LINE#         324
  C:0209H         LINE#         325
  C:020BH         LINE#         327
  C:020CH         LINE#         328
  C:020CH         LINE#         329
  C:0216H         LINE#         330
  C:0232H         LINE#         331
  C:0234H         LINE#         332
  C:0238H         LINE#         333
  C:0253H         LINE#         334
  C:026EH         LINE#         336
  C:026EH         LINE#         337
  C:0277H         LINE#         338
  C:0277H         LINE#         339
  C:0279H         LINE#         340
  C:02A0H         LINE#         341
  C:02BAH         LINE#         342
  C:02BAH         LINE#         343
BL51 BANKED LINKER/LOCATER V6.22                                                      11/05/2019  18:47:39  PAGE 6


  C:02BCH         LINE#         344
  C:02D3H         LINE#         345
  C:0313H         LINE#         346
  C:0319H         LINE#         347
  C:0328H         LINE#         348
  C:0334H         LINE#         349
  C:0334H         LINE#         350
  C:0334H         LINE#         351
  C:0334H         LINE#         352
  C:0334H         LINE#         353
  C:0338H         LINE#         354
  -------         ENDPROC       _GET_TEMPERATURE
  -------         PROC          _SEND_595
  D:0007H         SYMBOL        dat
  -------         DO            
  D:0006H         SYMBOL        i
  -------         ENDDO         
  C:05A9H         LINE#         356
  C:05A9H         LINE#         357
  C:05A9H         LINE#         359
  C:05ABH         LINE#         360
  C:05ABH         LINE#         361
  C:05AFH         LINE#         362
  C:05B1H         LINE#         363
  C:05B3H         LINE#         364
  C:05B5H         LINE#         365
  C:05B9H         LINE#         366
  -------         ENDPROC       _SEND_595
  -------         PROC          DISPLAYSCAN
  C:055AH         LINE#         368
  C:055AH         LINE#         369
  C:055AH         LINE#         370
  C:0565H         LINE#         371
  C:0573H         LINE#         372
  C:0575H         LINE#         373
  C:0577H         LINE#         374
  C:0583H         LINE#         375
  -------         ENDPROC       DISPLAYSCAN
  -------         PROC          TIMER0
  C:0584H         LINE#         377
  C:0595H         LINE#         379
  C:0598H         LINE#         380
  C:059AH         LINE#         381
  -------         ENDPROC       TIMER0
  -------         ENDMOD        4

  -------         MODULE        ?C?IMUL
  C:04AEH         PUBLIC        ?C?IMUL
  -------         ENDMOD        ?C?IMUL

  -------         MODULE        ?C?UIDIV
  C:04C0H         PUBLIC        ?C?UIDIV
  -------         ENDMOD        ?C?UIDIV

  -------         MODULE        ?C?OFFXADD
  C:0515H         PUBLIC        ?C?OFFXADD
  -------         ENDMOD        ?C?OFFXADD
BL51 BANKED LINKER/LOCATER V6.22                                                      11/05/2019  18:47:39  PAGE 7



Program Size: data=30.1 xdata=0 code=1470
LINK/LOCATE RUN COMPLETE.  0 WARNING(S),  0 ERROR(S)
