BL51 BANKED LINKER/LOCATER V6.22                                                        10/29/2019  14:32:04  PAGE 1


BL51 BANKED LINKER/LOCATER V6.22, INVOKED BY:
C:\KEIL_V5\C51\BIN\BL51.EXE .\Objects\STARTUP.obj, .\Objects\3.obj TO .\Objects\实验3 PRINT (.\Listings\实验3.m51) RAMSI
>> ZE (256)


MEMORY MODEL: SMALL


INPUT MODULES INCLUDED:
  .\Objects\STARTUP.obj (?C_STARTUP)
  .\Objects\3.obj (3)
  C:\KEIL_V5\C51\LIB\C51S.LIB (?C?UIDIV)


LINK MAP OF MODULE:  .\Objects\实验3 (?C_STARTUP)


            TYPE    BASE      LENGTH    RELOCATION   SEGMENT NAME
            -----------------------------------------------------

            * * * * * * *   D A T A   M E M O R Y   * * * * * * *
            REG     0000H     0008H     ABSOLUTE     "REG BANK 0"
            DATA    0008H     0014H     UNIT         ?DT?3
                    001CH     0004H                  *** GAP ***
            BIT     0020H.0   0000H.1   UNIT         ?BI?3
                    0020H.1   0000H.7                *** GAP ***
            IDATA   0021H     0001H     UNIT         ?STACK

            * * * * * * *   C O D E   M E M O R Y   * * * * * * *
            CODE    0000H     0003H     ABSOLUTE     
            CODE    0003H     0005H     UNIT         ?PR?IO_KEYDELAY?3
                    0008H     0003H                  *** GAP ***
            CODE    000BH     0003H     ABSOLUTE     
            CODE    000EH     0118H     UNIT         ?PR?MAIN?3
            CODE    0126H     0072H     UNIT         ?PR?IO_KEYSCAN?3
            CODE    0198H     0055H     UNIT         ?C?LIB_CODE
            CODE    01EDH     0043H     UNIT         ?CO?3
            CODE    0230H     003DH     UNIT         ?PR?DISPLAYRTC?3
            CODE    026DH     002AH     UNIT         ?PR?DISPLAYSCAN?3
            CODE    0297H     0025H     UNIT         ?PR?TIMER0?3
            CODE    02BCH     0023H     UNIT         ?PR?RTC?3
            CODE    02DFH     0011H     UNIT         ?PR?_SEND_595?3
            CODE    02F0H     000CH     UNIT         ?C_C51STARTUP



OVERLAY MAP OF MODULE:   .\Objects\实验3 (?C_STARTUP)


SEGMENT
  +--> CALLED SEGMENT
---------------------
?C_C51STARTUP
  +--> ?PR?MAIN?3

?PR?MAIN?3
  +--> ?PR?DISPLAYRTC?3
  +--> ?PR?RTC?3
BL51 BANKED LINKER/LOCATER V6.22                                                      10/29/2019  14:32:04  PAGE 2


  +--> ?PR?IO_KEYSCAN?3

?PR?IO_KEYSCAN?3
  +--> ?PR?IO_KEYDELAY?3
  +--> ?CO?3

*** NEW ROOT ***************************************************

?PR?TIMER0?3
  +--> ?PR?DISPLAYSCAN?3

?PR?DISPLAYSCAN?3
  +--> ?CO?3
  +--> ?PR?_SEND_595?3



SYMBOL TABLE OF MODULE:  .\Objects\实验3 (?C_STARTUP)

  VALUE           TYPE          NAME
  ----------------------------------

  -------         MODULE        ?C_STARTUP
  C:02F0H         SEGMENT       ?C_C51STARTUP
  I:0021H         SEGMENT       ?STACK
  C:0000H         PUBLIC        ?C_STARTUP
  D:00E0H         SYMBOL        ACC
  D:00F0H         SYMBOL        B
  D:0083H         SYMBOL        DPH
  D:0082H         SYMBOL        DPL
  N:0000H         SYMBOL        IBPSTACK
  N:0100H         SYMBOL        IBPSTACKTOP
  N:0080H         SYMBOL        IDATALEN
  C:02F3H         SYMBOL        IDATALOOP
  N:0000H         SYMBOL        PBPSTACK
  N:0100H         SYMBOL        PBPSTACKTOP
  N:0000H         SYMBOL        PDATALEN
  N:0000H         SYMBOL        PDATASTART
  N:0000H         SYMBOL        PPAGE
  N:0000H         SYMBOL        PPAGEENABLE
  D:00A0H         SYMBOL        PPAGE_SFR
  D:0081H         SYMBOL        SP
  C:02F0H         SYMBOL        STARTUP1
  N:0000H         SYMBOL        XBPSTACK
  N:0000H         SYMBOL        XBPSTACKTOP
  N:0000H         SYMBOL        XDATALEN
  N:0000H         SYMBOL        XDATASTART
  C:0000H         LINE#         126
  C:02F0H         LINE#         133
  C:02F2H         LINE#         134
  C:02F3H         LINE#         135
  C:02F4H         LINE#         136
  C:02F6H         LINE#         185
  C:02F9H         LINE#         196
  -------         ENDMOD        ?C_STARTUP

  -------         MODULE        3
BL51 BANKED LINKER/LOCATER V6.22                                                      10/29/2019  14:32:04  PAGE 3


  C:0000H         SYMBOL        _ICE_DUMMY_
  D:0093H         PUBLIC        P0M1
  D:0092H         PUBLIC        P1M0
  D:0008H         PUBLIC        second
  D:0096H         PUBLIC        P2M0
  D:0091H         PUBLIC        P1M1
  D:0080H         PUBLIC        P0
  D:00B2H         PUBLIC        P3M0
  D:0095H         PUBLIC        P2M1
  D:0090H         PUBLIC        P1
  D:00B4H         PUBLIC        P4M0
  D:00B1H         PUBLIC        P3M1
  D:00A0H         PUBLIC        P2
  D:00CAH         PUBLIC        P5M0
  D:00B3H         PUBLIC        P4M1
  D:00B0H         PUBLIC        P3
  D:00CCH         PUBLIC        P6M0
  D:00C9H         PUBLIC        P5M1
  D:00C0H         PUBLIC        P4
  D:00E2H         PUBLIC        P7M0
  D:00CBH         PUBLIC        P6M1
  D:00C8H         PUBLIC        P5
  B:00A8H.7       PUBLIC        EA
  D:00E1H         PUBLIC        P7M1
  D:0009H         PUBLIC        cnt10ms
  D:000AH         PUBLIC        cnt50ms
  D:000BH         PUBLIC        LED8
  D:00A8H         PUBLIC        IE
  C:02DFH         PUBLIC        _Send_595
  C:0218H         PUBLIC        T_COM
  C:0003H         PUBLIC        IO_KeyDelay
  D:0013H         PUBLIC        minute
  D:00B8H         PUBLIC        IP
  B:00D0H.7       PUBLIC        CY
  D:00D8H         PUBLIC        CCON
  C:000EH         PUBLIC        main
  D:0014H         PUBLIC        IO_KeyState
  D:0015H         PUBLIC        KeyCode
  C:0126H         PUBLIC        IO_KeyScan
  B:00C0H.0       PUBLIC        P_HC595_SER
  B:0020H.0       PUBLIC        B_1ms
  D:0098H         PUBLIC        SCON
  D:0088H         PUBLIC        TCON
  D:0016H         PUBLIC        hour
  B:00C0H.3       PUBLIC        P_HC595_SRCLK
  D:00F0H         PUBLIC        B
  D:008EH         PUBLIC        AUXR
  C:0230H         PUBLIC        DisplayRTC
  D:00E0H         PUBLIC        ACC
  B:00A8H.1       PUBLIC        ET0
  C:0220H         PUBLIC        T_KeyTable
  D:008CH         PUBLIC        TH0
  C:01EDH         PUBLIC        t_display
  D:008AH         PUBLIC        TL0
  C:0297H         PUBLIC        timer0
  D:0017H         PUBLIC        IO_KeyHoldCnt
  B:0088H.4       PUBLIC        TR0
BL51 BANKED LINKER/LOCATER V6.22                                                      10/29/2019  14:32:04  PAGE 4


  D:0018H         PUBLIC        IO_KeyState1
  C:026DH         PUBLIC        DisplayScan
  C:02BCH         PUBLIC        RTC
  D:0019H         PUBLIC        msecond
  B:00C8H.4       PUBLIC        P_HC595_RCLK
  B:00D0H.5       PUBLIC        F0
  D:001BH         PUBLIC        display_index
  D:00D0H         PUBLIC        PSW
  D:0094H         PUBLIC        P0M0
  -------         PROC          DISPLAYRTC
  C:0230H         LINE#         29
  C:0230H         LINE#         30
  C:0230H         LINE#         31
  C:0241H         LINE#         32
  C:0244H         LINE#         33
  C:024DH         LINE#         34
  C:0255H         LINE#         35
  C:025EH         LINE#         36
  C:026CH         LINE#         37
  -------         ENDPROC       DISPLAYRTC
  -------         PROC          RTC
  C:02BCH         LINE#         39
  C:02BCH         LINE#         40
  C:02BCH         LINE#         41
  C:02C5H         LINE#         42
  C:02C5H         LINE#         43
  C:02C8H         LINE#         44
  C:02D0H         LINE#         45
  C:02D0H         LINE#         46
  C:02D3H         LINE#         47
  C:02DEH         LINE#         48
  C:02DEH         LINE#         49
  C:02DEH         LINE#         50
  -------         ENDPROC       RTC
  -------         PROC          MAIN
  -------         DO            
  D:0007H         SYMBOL        i
  -------         ENDDO         
  C:000EH         LINE#         52
  C:000EH         LINE#         53
  C:000EH         LINE#         55
  C:0013H         LINE#         56
  C:0017H         LINE#         57
  C:001BH         LINE#         58
  C:001FH         LINE#         59
  C:0023H         LINE#         60
  C:0027H         LINE#         61
  C:002BH         LINE#         62
  C:002FH         LINE#         63
  C:0031H         LINE#         64
  C:0034H         LINE#         65
  C:0037H         LINE#         66
  C:003AH         LINE#         67
  C:003CH         LINE#         68
  C:003EH         LINE#         69
  C:0040H         LINE#         70
  C:004CH         LINE#         71
BL51 BANKED LINKER/LOCATER V6.22                                                      10/29/2019  14:32:04  PAGE 5


  C:004FH         LINE#         72
  C:0052H         LINE#         73
  C:0054H         LINE#         74
  C:0057H         LINE#         75
  C:005AH         LINE#         76
  C:005CH         LINE#         77
  C:005EH         LINE#         78
  C:0060H         LINE#         79
  C:0062H         LINE#         80
  C:0064H         LINE#         81
  C:0064H         LINE#         82
  C:0064H         LINE#         83
  C:0067H         LINE#         84
  C:0067H         LINE#         85
  C:0069H         LINE#         86
  C:007AH         LINE#         87
  C:007AH         LINE#         88
  C:007FH         LINE#         89
  C:0082H         LINE#         90
  C:0085H         LINE#         91
  C:0085H         LINE#         92
  C:0092H         LINE#         93
  C:009BH         LINE#         94
  C:009BH         LINE#         95
  C:009EH         LINE#         96
  C:00A1H         LINE#         97
  C:00A1H         LINE#         98
  C:00A8H         LINE#         99
  C:00A8H         LINE#         100
  C:00BDH         LINE#         101
  C:00CAH         LINE#         102
  C:00CFH         LINE#         103
  C:00CFH         LINE#         104
  C:00DBH         LINE#         105
  C:00DEH         LINE#         106
  C:00DEH         LINE#         107
  C:00E3H         LINE#         108
  C:00E3H         LINE#         109
  C:00EFH         LINE#         110
  C:00F2H         LINE#         111
  C:00F2H         LINE#         112
  C:00F7H         LINE#         113
  C:00F7H         LINE#         114
  C:00FAH         LINE#         115
  C:0106H         LINE#         116
  C:0109H         LINE#         117
  C:0109H         LINE#         118
  C:010EH         LINE#         119
  C:010EH         LINE#         120
  C:0111H         LINE#         121
  C:011DH         LINE#         122
  C:0120H         LINE#         123
  C:0120H         LINE#         124
  C:0123H         LINE#         125
  C:0123H         LINE#         127
  C:0123H         LINE#         128
  -------         ENDPROC       MAIN
BL51 BANKED LINKER/LOCATER V6.22                                                      10/29/2019  14:32:04  PAGE 6


  -------         PROC          IO_KEYDELAY
  -------         DO            
  D:0007H         SYMBOL        i
  -------         ENDDO         
  C:0003H         LINE#         147
  C:0003H         LINE#         148
  C:0003H         LINE#         150
  C:0005H         LINE#         151
  C:0007H         LINE#         152
  -------         ENDPROC       IO_KEYDELAY
  -------         PROC          IO_KEYSCAN
  -------         DO            
  D:0006H         SYMBOL        j
  -------         ENDDO         
  C:0126H         LINE#         153
  C:0126H         LINE#         154
  C:0126H         LINE#         156
  C:0128H         LINE#         157
  C:012BH         LINE#         158
  C:012EH         LINE#         159
  C:0134H         LINE#         160
  C:0137H         LINE#         161
  C:013AH         LINE#         162
  C:0140H         LINE#         163
  C:0143H         LINE#         164
  C:0148H         LINE#         165
  C:0148H         LINE#         166
  C:014AH         LINE#         167
  C:014DH         LINE#         168
  C:0151H         LINE#         169
  C:0151H         LINE#         170
  C:0153H         LINE#         171
  C:015AH         LINE#         172
  C:015EH         LINE#         173
  C:015EH         LINE#         174
  C:0167H         LINE#         175
  C:0167H         LINE#         176
  C:016AH         LINE#         177
  C:016CH         LINE#         178
  C:016CH         LINE#         179
  C:016CH         LINE#         180
  C:016FH         LINE#         181
  C:016FH         LINE#         182
  C:0179H         LINE#         183
  C:0183H         LINE#         184
  C:018FH         LINE#         185
  C:018FH         LINE#         186
  C:0191H         LINE#         187
  C:0194H         LINE#         188
  C:0194H         LINE#         189
  C:0197H         LINE#         190
  -------         ENDPROC       IO_KEYSCAN
  -------         PROC          _SEND_595
  D:0007H         SYMBOL        dat
  -------         DO            
  D:0006H         SYMBOL        i
  -------         ENDDO         
BL51 BANKED LINKER/LOCATER V6.22                                                      10/29/2019  14:32:04  PAGE 7


  C:02DFH         LINE#         192
  C:02DFH         LINE#         193
  C:02DFH         LINE#         195
  C:02E1H         LINE#         196
  C:02E1H         LINE#         197
  C:02E5H         LINE#         198
  C:02E7H         LINE#         199
  C:02E9H         LINE#         200
  C:02EBH         LINE#         201
  C:02EFH         LINE#         202
  -------         ENDPROC       _SEND_595
  -------         PROC          DISPLAYSCAN
  C:026DH         LINE#         204
  C:026DH         LINE#         205
  C:026DH         LINE#         206
  C:0278H         LINE#         207
  C:0286H         LINE#         208
  C:0288H         LINE#         209
  C:028AH         LINE#         210
  C:0296H         LINE#         211
  -------         ENDPROC       DISPLAYSCAN
  -------         PROC          TIMER0
  C:0297H         LINE#         213
  C:02A8H         LINE#         215
  C:02ABH         LINE#         216
  C:02ADH         LINE#         217
  -------         ENDPROC       TIMER0
  -------         ENDMOD        3

  -------         MODULE        ?C?UIDIV
  C:0198H         PUBLIC        ?C?UIDIV
  -------         ENDMOD        ?C?UIDIV

Program Size: data=29.1 xdata=0 code=761
LINK/LOCATE RUN COMPLETE.  0 WARNING(S),  0 ERROR(S)
